[2022-04-26T01:17:27.316+0000][0.010s] Heap region size: 1M
[2022-04-26T01:17:27.518+0000][0.212s] Using G1
[2022-04-26T01:17:27.519+0000][0.213s] Heap address: 0x00000000e0000000, size: 512 MB, Compressed Oops mode: 32-bit
[2022-04-26T01:17:27.519+0000][0.213s] Mark closed archive regions in map: [0x00000000fff00000, 0x00000000fff63ff8]
[2022-04-26T01:17:27.520+0000][0.214s] Mark open archive regions in map: [0x00000000ffe00000, 0x00000000ffe41ff8]
[2022-04-26T01:17:28.814+0000][1.508s] GC(0) Pause Young (Normal) (G1 Evacuation Pause)
[2022-04-26T01:17:28.816+0000][1.510s] GC(0) Using 8 workers of 8 for evacuation
[2022-04-26T01:17:28.834+0000][1.528s] GC(0)   Pre Evacuate Collection Set: 0.0ms
[2022-04-26T01:17:28.835+0000][1.529s] GC(0)   Evacuate Collection Set: 16.0ms
[2022-04-26T01:17:28.835+0000][1.529s] GC(0)   Post Evacuate Collection Set: 1.9ms
[2022-04-26T01:17:28.835+0000][1.529s] GC(0)   Other: 2.5ms
[2022-04-26T01:17:28.836+0000][1.530s] GC(0) Eden regions: 30->0(303)
[2022-04-26T01:17:28.836+0000][1.530s] GC(0) Survivor regions: 0->4(4)
[2022-04-26T01:17:28.836+0000][1.530s] GC(0) Old regions: 2->2
[2022-04-26T01:17:28.837+0000][1.531s] GC(0) Humongous regions: 0->0
[2022-04-26T01:17:28.837+0000][1.531s] GC(0) Metaspace: 9246K->9246K(1058816K)
[2022-04-26T01:17:28.837+0000][1.531s] GC(0) Pause Young (Normal) (G1 Evacuation Pause) 30M->4M(512M) 23.103ms
[2022-04-26T01:17:28.837+0000][1.531s] GC(0) User=0.15s Sys=0.00s Real=0.02s
[2022-04-26T01:17:30.535+0000][3.229s] GC(1) Pause Young (Concurrent Start) (Metadata GC Threshold)
[2022-04-26T01:17:30.535+0000][3.229s] GC(1) Using 8 workers of 8 for evacuation
[2022-04-26T01:17:30.567+0000][3.261s] GC(1)   Pre Evacuate Collection Set: 0.1ms
[2022-04-26T01:17:30.567+0000][3.262s] GC(1)   Evacuate Collection Set: 29.6ms
[2022-04-26T01:17:30.568+0000][3.262s] GC(1)   Post Evacuate Collection Set: 1.7ms
[2022-04-26T01:17:30.568+0000][3.262s] GC(1)   Other: 0.9ms
[2022-04-26T01:17:30.568+0000][3.262s] GC(1) Eden regions: 85->0(80)
[2022-04-26T01:17:30.568+0000][3.262s] GC(1) Survivor regions: 4->20(39)
[2022-04-26T01:17:30.569+0000][3.263s] GC(1) Old regions: 2->2
[2022-04-26T01:17:30.569+0000][3.263s] GC(1) Humongous regions: 4->4
[2022-04-26T01:17:30.569+0000][3.263s] GC(1) Metaspace: 20532K->20532K(1069056K)
[2022-04-26T01:17:30.569+0000][3.263s] GC(1) Pause Young (Concurrent Start) (Metadata GC Threshold) 92M->23M(512M) 34.480ms
[2022-04-26T01:17:30.570+0000][3.264s] GC(1) User=0.20s Sys=0.01s Real=0.03s
[2022-04-26T01:17:30.570+0000][3.264s] GC(2) Concurrent Cycle
[2022-04-26T01:17:30.570+0000][3.264s] GC(2) Concurrent Clear Claimed Marks
[2022-04-26T01:17:30.571+0000][3.265s] GC(2) Concurrent Clear Claimed Marks 0.402ms
[2022-04-26T01:17:30.571+0000][3.265s] GC(2) Concurrent Scan Root Regions
[2022-04-26T01:17:30.587+0000][3.281s] GC(2) Concurrent Scan Root Regions 16.286ms
[2022-04-26T01:17:30.588+0000][3.282s] GC(2) Concurrent Mark (3.282s)
[2022-04-26T01:17:30.588+0000][3.282s] GC(2) Concurrent Mark From Roots
[2022-04-26T01:17:30.589+0000][3.283s] GC(2) Using 2 workers of 2 for marking
[2022-04-26T01:17:30.600+0000][3.294s] GC(2) Concurrent Mark From Roots 11.420ms
[2022-04-26T01:17:30.600+0000][3.294s] GC(2) Concurrent Preclean
[2022-04-26T01:17:30.600+0000][3.294s] GC(2) Concurrent Preclean 0.430ms
[2022-04-26T01:17:30.601+0000][3.295s] GC(2) Concurrent Mark (3.282s, 3.295s) 13.034ms
[2022-04-26T01:17:30.601+0000][3.295s] GC(2) Pause Remark
[2022-04-26T01:17:30.608+0000][3.302s] GC(2) Cleaned string and symbol table, strings: 9059 processed, 0 removed, symbols: 60783 processed, 39 removed
[2022-04-26T01:17:30.609+0000][3.303s] GC(2) Pause Remark 24M->24M(512M) 7.141ms
[2022-04-26T01:17:30.609+0000][3.303s] GC(2) User=0.04s Sys=0.00s Real=0.01s
[2022-04-26T01:17:30.609+0000][3.303s] GC(2) Concurrent Rebuild Remembered Sets
[2022-04-26T01:17:30.616+0000][3.310s] GC(2) Concurrent Rebuild Remembered Sets 6.650ms
[2022-04-26T01:17:30.617+0000][3.311s] GC(2) Pause Cleanup
[2022-04-26T01:17:30.617+0000][3.311s] GC(2) Pause Cleanup 24M->24M(512M) 0.598ms
[2022-04-26T01:17:30.618+0000][3.312s] GC(2) User=0.00s Sys=0.00s Real=0.00s
[2022-04-26T01:17:30.618+0000][3.312s] GC(2) Concurrent Cleanup for Next Mark
[2022-04-26T01:17:30.619+0000][3.313s] GC(2) Concurrent Cleanup for Next Mark 1.411ms
[2022-04-26T01:17:30.620+0000][3.314s] GC(2) Concurrent Cycle 49.737ms
[2022-04-26T01:17:31.996+0000][4.690s] GC(3) Pause Young (Normal) (G1 Evacuation Pause)
[2022-04-26T01:17:31.997+0000][4.691s] GC(3) Using 8 workers of 8 for evacuation
[2022-04-26T01:17:32.024+0000][4.718s] GC(3)   Pre Evacuate Collection Set: 0.0ms
[2022-04-26T01:17:32.024+0000][4.718s] GC(3)   Evacuate Collection Set: 25.4ms
[2022-04-26T01:17:32.025+0000][4.719s] GC(3)   Post Evacuate Collection Set: 1.3ms
[2022-04-26T01:17:32.025+0000][4.719s] GC(3)   Other: 0.8ms
[2022-04-26T01:17:32.025+0000][4.719s] GC(3) Eden regions: 64->0(112)
[2022-04-26T01:17:32.025+0000][4.719s] GC(3) Survivor regions: 20->4(11)
[2022-04-26T01:17:32.025+0000][4.719s] GC(3) Old regions: 2->21
[2022-04-26T01:17:32.026+0000][4.720s] GC(3) Humongous regions: 4->4
[2022-04-26T01:17:32.026+0000][4.720s] GC(3) Metaspace: 28426K->28426K(1075200K)
[2022-04-26T01:17:32.026+0000][4.720s] GC(3) Pause Young (Normal) (G1 Evacuation Pause) 87M->27M(512M) 29.841ms
[2022-04-26T01:17:32.026+0000][4.720s] GC(3) User=0.18s Sys=0.01s Real=0.03s
[2022-04-26T01:17:32.999+0000][5.693s] GC(4) Pause Young (Concurrent Start) (Metadata GC Threshold)
[2022-04-26T01:17:33.000+0000][5.694s] GC(4) Using 8 workers of 8 for evacuation
[2022-04-26T01:17:33.018+0000][5.712s] GC(4)   Pre Evacuate Collection Set: 0.1ms
[2022-04-26T01:17:33.018+0000][5.712s] GC(4)   Evacuate Collection Set: 13.8ms
[2022-04-26T01:17:33.019+0000][5.713s] GC(4)   Post Evacuate Collection Set: 3.5ms
[2022-04-26T01:17:33.019+0000][5.713s] GC(4)   Other: 1.1ms
[2022-04-26T01:17:33.019+0000][5.713s] GC(4) Eden regions: 64->0(121)
[2022-04-26T01:17:33.019+0000][5.714s] GC(4) Survivor regions: 4->6(15)
[2022-04-26T01:17:33.020+0000][5.714s] GC(4) Old regions: 21->21
[2022-04-26T01:17:33.020+0000][5.714s] GC(4) Humongous regions: 4->4
[2022-04-26T01:17:33.020+0000][5.714s] GC(4) Metaspace: 34771K->34771K(1081344K)
[2022-04-26T01:17:33.021+0000][5.715s] GC(4) Pause Young (Concurrent Start) (Metadata GC Threshold) 90M->29M(512M) 21.105ms
[2022-04-26T01:17:33.021+0000][5.715s] GC(4) User=0.12s Sys=0.00s Real=0.02s
[2022-04-26T01:17:33.021+0000][5.715s] GC(5) Concurrent Cycle
[2022-04-26T01:17:33.021+0000][5.715s] GC(5) Concurrent Clear Claimed Marks
[2022-04-26T01:17:33.022+0000][5.716s] GC(5) Concurrent Clear Claimed Marks 0.363ms
[2022-04-26T01:17:33.022+0000][5.716s] GC(5) Concurrent Scan Root Regions
[2022-04-26T01:17:33.029+0000][5.723s] GC(5) Concurrent Scan Root Regions 6.883ms
[2022-04-26T01:17:33.030+0000][5.724s] GC(5) Concurrent Mark (5.724s)
[2022-04-26T01:17:33.030+0000][5.724s] GC(5) Concurrent Mark From Roots
[2022-04-26T01:17:33.030+0000][5.724s] GC(5) Using 2 workers of 2 for marking
[2022-04-26T01:17:33.065+0000][5.759s] GC(5) Concurrent Mark From Roots 35.078ms
[2022-04-26T01:17:33.065+0000][5.760s] GC(5) Concurrent Preclean
[2022-04-26T01:17:33.066+0000][5.760s] GC(5) Concurrent Preclean 0.647ms
[2022-04-26T01:17:33.066+0000][5.760s] GC(5) Concurrent Mark (5.724s, 5.760s) 36.869ms
[2022-04-26T01:17:33.067+0000][5.761s] GC(5) Pause Remark
[2022-04-26T01:17:33.081+0000][5.775s] GC(5) Cleaned string and symbol table, strings: 15853 processed, 27 removed, symbols: 102368 processed, 126 removed
[2022-04-26T01:17:33.082+0000][5.776s] GC(5) Pause Remark 31M->31M(512M) 15.015ms
[2022-04-26T01:17:33.083+0000][5.777s] GC(5) User=0.11s Sys=0.02s Real=0.02s
[2022-04-26T01:17:33.083+0000][5.777s] GC(5) Concurrent Rebuild Remembered Sets
[2022-04-26T01:17:33.104+0000][5.798s] GC(5) Concurrent Rebuild Remembered Sets 20.581ms
[2022-04-26T01:17:33.104+0000][5.798s] GC(5) Pause Cleanup
[2022-04-26T01:17:33.105+0000][5.799s] GC(5) Pause Cleanup 33M->33M(512M) 0.569ms
[2022-04-26T01:17:33.105+0000][5.799s] GC(5) User=0.00s Sys=0.00s Real=0.00s
[2022-04-26T01:17:33.106+0000][5.800s] GC(5) Concurrent Cleanup for Next Mark
[2022-04-26T01:17:33.107+0000][5.801s] GC(5) Concurrent Cleanup for Next Mark 1.443ms
[2022-04-26T01:17:33.107+0000][5.801s] GC(5) Concurrent Cycle 86.266ms
[2022-04-26T01:17:35.044+0000][7.738s] GC(6) Pause Young (Normal) (G1 Evacuation Pause)
[2022-04-26T01:17:35.045+0000][7.739s] GC(6) Using 8 workers of 8 for evacuation
[2022-04-26T01:17:35.067+0000][7.761s] GC(6)   Pre Evacuate Collection Set: 0.0ms
[2022-04-26T01:17:35.067+0000][7.761s] GC(6)   Evacuate Collection Set: 19.7ms
[2022-04-26T01:17:35.067+0000][7.761s] GC(6)   Post Evacuate Collection Set: 1.7ms
[2022-04-26T01:17:35.067+0000][7.761s] GC(6)   Other: 0.9ms
[2022-04-26T01:17:35.068+0000][7.762s] GC(6) Eden regions: 125->0(166)
[2022-04-26T01:17:35.068+0000][7.762s] GC(6) Survivor regions: 6->10(17)
[2022-04-26T01:17:35.068+0000][7.762s] GC(6) Old regions: 21->21
[2022-04-26T01:17:35.068+0000][7.762s] GC(6) Humongous regions: 4->4
[2022-04-26T01:17:35.069+0000][7.763s] GC(6) Metaspace: 42760K->42760K(1087488K)
[2022-04-26T01:17:35.069+0000][7.763s] GC(6) Pause Young (Normal) (G1 Evacuation Pause) 154M->32M(512M) 24.480ms
[2022-04-26T01:17:35.069+0000][7.763s] GC(6) User=0.16s Sys=0.00s Real=0.02s
[2022-04-26T03:37:43.429+0000][8416.123s] Heap
[2022-04-26T03:37:43.430+0000][8416.124s]  garbage-first heap   total 524288K, used 194468K [0x00000000e0000000, 0x0000000100000000)
[2022-04-26T03:37:43.430+0000][8416.124s]   region size 1024K, 166 young (169984K), 10 survivors (10240K)
[2022-04-26T03:37:43.430+0000][8416.124s]  Metaspace       used 49527K, capacity 50768K, committed 51120K, reserved 1093632K
[2022-04-26T03:37:43.431+0000][8416.125s]   class space    used 6028K, capacity 6533K, committed 6656K, reserved 1048576K
